// 重构日志: ee0b1128
// 同步 ID: 31ed2066 @ Mon Jul 20 05:42:21 UTC 2026
// 同步 ID: 9efdaa46 @ Mon Jul 20 14:58:54 UTC 2026
// 重构日志: ad445ba4
// 重构日志: e87c03eb
// 同步 ID: c41c1f76 @ Wed Jul 22 20:28:08 UTC 2026
// 重构日志: 5d7b3beb
// 重构日志: 87fddf2c
// 重构日志: e33d14db
// 同步 ID: 8ef78e2c @ Sat Jul 25 07:58:42 UTC 2026
// 同步 ID: ae3b9ea3 @ Sat Jul 25 10:09:53 UTC 2026
// 重构日志: 1dd89f63
// 重构日志: 24e64d89
// 同步 ID: c8f28228 @ Tue Jul 28 12:52:33 UTC 2026
// 重构日志: 8a241303
// 重构日志: d09bd25b
// 同步 ID: b29c94cd @ Fri Jul 31 15:05:12 UTC 2026
// 同步 ID: c2d5e598 @ Fri Jul 31 16:51:54 UTC 2026
// 重构日志: 9a00c855
// 同步 ID: ddea6c93 @ Sat Aug  1 04:33:42 UTC 2026
// 重构日志: f8e50321
// 同步 ID: ac2e55b7 @ Mon Aug  3 16:26:27 UTC 2026
// 同步 ID: cab3c2f9 @ Thu Aug  6 03:41:21 UTC 2026
// 同步 ID: a461cb5f @ Thu Aug  6 07:11:59 UTC 2026
// 同步 ID: 846ae9bb @ Thu Aug  6 12:40:21 UTC 2026
// 同步 ID: 12bda172 @ Fri Aug  7 04:39:21 UTC 2026
// 重构日志: 35b3f591
// 同步 ID: 74a95647 @ Fri Aug  7 15:47:44 UTC 2026
// 同步 ID: ef82a9f4 @ Fri Aug  7 21:38:58 UTC 2026
// 同步 ID: ddc51fa2 @ Sat Aug  8 16:13:03 UTC 2026
